260504 12:26:06 mysqld_safe Starting mariadbd daemon with databases from /config/databases
2026-05-04 12:26:06 0 [Note] Starting MariaDB 11.4.10-MariaDB-log source revision 054a893f1645b77e52a329a7fc8cf614eebd1fad server_uid Y8MYFLm3ET9L7R2/7O9N5/zh0JM= as process 492
2026-05-04 12:26:06 0 [Warning] Setting lower_case_table_names=2 because file system for /config/databases/ is case insensitive
2026-05-04 12:26:06 0 [Note] InnoDB: Compressed tables use zlib 1.3.2
2026-05-04 12:26:06 0 [Note] InnoDB: Number of transaction pools: 1
2026-05-04 12:26:06 0 [Note] InnoDB: Using ARMv8 crc32 + pmull instructions
2026-05-04 12:26:06 0 [Note] InnoDB: Using Linux native AIO
2026-05-04 12:26:06 0 [Note] InnoDB: innodb_buffer_pool_size_max=256m, innodb_buffer_pool_size=256m
2026-05-04 12:26:06 0 [Note] InnoDB: Completed initialization of buffer pool
2026-05-04 12:26:06 0 [Note] InnoDB: Buffered log writes (block size=512 bytes)
2026-05-04 12:26:06 0 [Note] InnoDB: End of log at LSN=45498
2026-05-04 12:26:06 0 [Note] InnoDB: Opened 3 undo tablespaces
2026-05-04 12:26:06 0 [Note] InnoDB: 128 rollback segments in 3 undo tablespaces are active.
2026-05-04 12:26:06 0 [Note] InnoDB: Setting file './ibtmp1' size to 12.000MiB. Physically writing the file full; Please wait ...
2026-05-04 12:26:06 0 [Note] InnoDB: File './ibtmp1' size is now 12.000MiB.
2026-05-04 12:26:06 0 [Note] InnoDB: log sequence number 45498; transaction id 15
2026-05-04 12:26:06 0 [Note] Plugin 'FEEDBACK' is disabled.
2026-05-04 12:26:06 0 [Note] Plugin 'wsrep-provider' is disabled.
2026-05-04 12:26:06 0 [Note] InnoDB: Loading buffer pool(s) from /config/databases/ib_buffer_pool
2026-05-04 12:26:06 0 [Note] InnoDB: Buffer pool(s) load completed at 260504 12:26:06
2026-05-04 12:26:06 0 [Note] Server socket created on IP: '0.0.0.0', port: '3306'.
2026-05-04 12:26:06 0 [Note] Server socket created on IP: '::', port: '3306'.
2026-05-04 12:26:06 0 [Note] mariadbd: Event Scheduler: Loaded 0 events
2026-05-04 12:26:06 0 [Note] /usr/bin/mariadbd: ready for connections.
Version: '11.4.10-MariaDB-log'  socket: '/run/mysqld/mysqld.sock'  port: 3306  Alpine Linux
2026-05-04 12:26:07 4 [Warning] Aborted connection 4 to db: 'unconnected' user: 'unauthenticated' host: 'localhost' (This connection closed normally without authentication)
2026-05-04 12:26:07 6 [Warning] Access denied for user 'root'@'localhost' (using password: YES)
2026-05-04 12:26:08 7 [Warning] Aborted connection 7 to db: 'unconnected' user: 'unauthenticated' host: 'bookstack.docs_default' (This connection closed normally without authentication)
